{
    "Should run without failures": {
        "content": [
            231,
            {
                "CUSTOM_GETCHROMSIZES": {
                    "getchromsizes": "1.16.1"
                },
                "CUSTOM_TX2GENE": {
                    "python": "3.9.5"
                },
                "FASTQC": {
                    "fastqc": "0.12.1"
                },
                "FQ_SUBSAMPLE": {
                    "fq": "0.9.1 (2022-02-22)"
                },
                "GTF_FILTER": {
                    "python": "3.9.5"
                },
                "GUNZIP_FASTA": {
                    "gunzip": 1.1
                },
                "MAKE_TRANSCRIPTS_FASTA": {
                    "rsem": "1.3.1",
                    "star": "2.7.10a"
                },
                "RIBOTISH_PREDICT_ALL": {
                    "ribotish": "0.2.7"
                },
                "RIBOTISH_PREDICT_INDIVIDUAL": {
                    "ribotish": "0.2.7"
                },
                "RIBOTISH_QUALITY_RIBOSEQ": {
                    "ribotish": "0.2.7"
                },
                "SALMON_INDEX": {
                    "salmon": "1.10.1"
                },
                "SALMON_QUANT": {
                    "salmon": "1.10.1"
                },
                "SAMTOOLS_FLAGSTAT": {
                    "samtools": "1.19.2"
                },
                "SAMTOOLS_IDXSTATS": {
                    "samtools": "1.19.2"
                },
                "SAMTOOLS_INDEX": {
                    "samtools": "1.19.2"
                },
                "SAMTOOLS_SORT": {
                    "samtools": "1.19.2"
                },
                "SAMTOOLS_STATS": {
                    "samtools": "1.19.2"
                },
                "SE_GENE": {
                    "bioconductor-summarizedexperiment": "1.32.0"
                },
                "SORTMERNA": {
                    "sortmerna": "4.3.6"
                },
                "SORTMERNA_INDEX": {
                    "sortmerna": "4.3.6"
                },
                "STAR_ALIGN": {
                    "star": "2.7.10a",
                    "samtools": 1.18,
                    "gawk": "5.1.0"
                },
                "STAR_GENOMEGENERATE": {
                    "star": "2.7.10a",
                    "samtools": 1.18,
                    "gawk": "5.1.0"
                },
                "TRIMGALORE": {
                    "trimgalore": "0.6.7",
                    "cutadapt": 3.4
                },
                "TXIMETA_TXIMPORT": {
                    "bioconductor-tximeta": "1.20.1"
                },
                "Workflow": {
                    "nf-core/riboseq": "v1.1.0dev"
                }
            },
            [
                "alignment",
                "alignment/star",
                "alignment/star/log",
                "alignment/star/log/SRX11780879.Log.final.out",
                "alignment/star/log/SRX11780879.Log.out",
                "alignment/star/log/SRX11780879.Log.progress.out",
                "alignment/star/log/SRX11780879.SJ.out.tab",
                "alignment/star/log/SRX11780880.Log.final.out",
                "alignment/star/log/SRX11780880.Log.out",
                "alignment/star/log/SRX11780880.Log.progress.out",
                "alignment/star/log/SRX11780880.SJ.out.tab",
                "alignment/star/log/SRX11780881.Log.final.out",
                "alignment/star/log/SRX11780881.Log.out",
                "alignment/star/log/SRX11780881.Log.progress.out",
                "alignment/star/log/SRX11780881.SJ.out.tab",
                "alignment/star/log/SRX11780882.Log.final.out",
                "alignment/star/log/SRX11780882.Log.out",
                "alignment/star/log/SRX11780882.Log.progress.out",
                "alignment/star/log/SRX11780882.SJ.out.tab",
                "alignment/star/log/SRX11780883.Log.final.out",
                "alignment/star/log/SRX11780883.Log.out",
                "alignment/star/log/SRX11780883.Log.progress.out",
                "alignment/star/log/SRX11780883.SJ.out.tab",
                "alignment/star/log/SRX11780884.Log.final.out",
                "alignment/star/log/SRX11780884.Log.out",
                "alignment/star/log/SRX11780884.Log.progress.out",
                "alignment/star/log/SRX11780884.SJ.out.tab",
                "alignment/star/log/SRX11780885.Log.final.out",
                "alignment/star/log/SRX11780885.Log.out",
                "alignment/star/log/SRX11780885.Log.progress.out",
                "alignment/star/log/SRX11780885.SJ.out.tab",
                "alignment/star/log/SRX11780886.Log.final.out",
                "alignment/star/log/SRX11780886.Log.out",
                "alignment/star/log/SRX11780886.Log.progress.out",
                "alignment/star/log/SRX11780886.SJ.out.tab",
                "alignment/star/log/SRX11780887.Log.final.out",
                "alignment/star/log/SRX11780887.Log.out",
                "alignment/star/log/SRX11780887.Log.progress.out",
                "alignment/star/log/SRX11780887.SJ.out.tab",
                "alignment/star/log/SRX11780888.Log.final.out",
                "alignment/star/log/SRX11780888.Log.out",
                "alignment/star/log/SRX11780888.Log.progress.out",
                "alignment/star/log/SRX11780888.SJ.out.tab",
                "alignment/star/log/SRX11780889.Log.final.out",
                "alignment/star/log/SRX11780889.Log.out",
                "alignment/star/log/SRX11780889.Log.progress.out",
                "alignment/star/log/SRX11780889.SJ.out.tab",
                "alignment/star/log/SRX11780890.Log.final.out",
                "alignment/star/log/SRX11780890.Log.out",
                "alignment/star/log/SRX11780890.Log.progress.out",
                "alignment/star/log/SRX11780890.SJ.out.tab",
                "alignment/star/original",
                "alignment/star/original/SRX11780879.Aligned.out.bam",
                "alignment/star/original/SRX11780879.Aligned.toTranscriptome.out.bam",
                "alignment/star/original/SRX11780880.Aligned.out.bam",
                "alignment/star/original/SRX11780880.Aligned.toTranscriptome.out.bam",
                "alignment/star/original/SRX11780881.Aligned.out.bam",
                "alignment/star/original/SRX11780881.Aligned.toTranscriptome.out.bam",
                "alignment/star/original/SRX11780882.Aligned.out.bam",
                "alignment/star/original/SRX11780882.Aligned.toTranscriptome.out.bam",
                "alignment/star/original/SRX11780883.Aligned.out.bam",
                "alignment/star/original/SRX11780883.Aligned.toTranscriptome.out.bam",
                "alignment/star/original/SRX11780884.Aligned.out.bam",
                "alignment/star/original/SRX11780884.Aligned.toTranscriptome.out.bam",
                "alignment/star/original/SRX11780885.Aligned.out.bam",
                "alignment/star/original/SRX11780885.Aligned.toTranscriptome.out.bam",
                "alignment/star/original/SRX11780886.Aligned.out.bam",
                "alignment/star/original/SRX11780886.Aligned.toTranscriptome.out.bam",
                "alignment/star/original/SRX11780887.Aligned.out.bam",
                "alignment/star/original/SRX11780887.Aligned.toTranscriptome.out.bam",
                "alignment/star/original/SRX11780888.Aligned.out.bam",
                "alignment/star/original/SRX11780888.Aligned.toTranscriptome.out.bam",
                "alignment/star/original/SRX11780889.Aligned.out.bam",
                "alignment/star/original/SRX11780889.Aligned.toTranscriptome.out.bam",
                "alignment/star/original/SRX11780890.Aligned.out.bam",
                "alignment/star/original/SRX11780890.Aligned.toTranscriptome.out.bam",
                "alignment/star/sorted",
                "alignment/star/sorted/SRX11780879.genome.sorted.bam",
                "alignment/star/sorted/SRX11780879.genome.sorted.bam.bai",
                "alignment/star/sorted/SRX11780879.transcriptome.sorted.bam",
                "alignment/star/sorted/SRX11780879.transcriptome.sorted.bam.bai",
                "alignment/star/sorted/SRX11780880.genome.sorted.bam",
                "alignment/star/sorted/SRX11780880.genome.sorted.bam.bai",
                "alignment/star/sorted/SRX11780880.transcriptome.sorted.bam",
                "alignment/star/sorted/SRX11780880.transcriptome.sorted.bam.bai",
                "alignment/star/sorted/SRX11780881.genome.sorted.bam",
                "alignment/star/sorted/SRX11780881.genome.sorted.bam.bai",
                "alignment/star/sorted/SRX11780881.transcriptome.sorted.bam",
                "alignment/star/sorted/SRX11780881.transcriptome.sorted.bam.bai",
                "alignment/star/sorted/SRX11780882.genome.sorted.bam",
                "alignment/star/sorted/SRX11780882.genome.sorted.bam.bai",
                "alignment/star/sorted/SRX11780882.transcriptome.sorted.bam",
                "alignment/star/sorted/SRX11780882.transcriptome.sorted.bam.bai",
                "alignment/star/sorted/SRX11780883.genome.sorted.bam",
                "alignment/star/sorted/SRX11780883.genome.sorted.bam.bai",
                "alignment/star/sorted/SRX11780883.transcriptome.sorted.bam",
                "alignment/star/sorted/SRX11780883.transcriptome.sorted.bam.bai",
                "alignment/star/sorted/SRX11780884.genome.sorted.bam",
                "alignment/star/sorted/SRX11780884.genome.sorted.bam.bai",
                "alignment/star/sorted/SRX11780884.transcriptome.sorted.bam",
                "alignment/star/sorted/SRX11780884.transcriptome.sorted.bam.bai",
                "alignment/star/sorted/SRX11780885.genome.sorted.bam",
                "alignment/star/sorted/SRX11780885.genome.sorted.bam.bai",
                "alignment/star/sorted/SRX11780885.transcriptome.sorted.bam",
                "alignment/star/sorted/SRX11780885.transcriptome.sorted.bam.bai",
                "alignment/star/sorted/SRX11780886.genome.sorted.bam",
                "alignment/star/sorted/SRX11780886.genome.sorted.bam.bai",
                "alignment/star/sorted/SRX11780886.transcriptome.sorted.bam",
                "alignment/star/sorted/SRX11780886.transcriptome.sorted.bam.bai",
                "alignment/star/sorted/SRX11780887.genome.sorted.bam",
                "alignment/star/sorted/SRX11780887.genome.sorted.bam.bai",
                "alignment/star/sorted/SRX11780887.transcriptome.sorted.bam",
                "alignment/star/sorted/SRX11780887.transcriptome.sorted.bam.bai",
                "alignment/star/sorted/SRX11780888.genome.sorted.bam",
                "alignment/star/sorted/SRX11780888.genome.sorted.bam.bai",
                "alignment/star/sorted/SRX11780888.transcriptome.sorted.bam",
                "alignment/star/sorted/SRX11780888.transcriptome.sorted.bam.bai",
                "alignment/star/sorted/SRX11780889.genome.sorted.bam",
                "alignment/star/sorted/SRX11780889.genome.sorted.bam.bai",
                "alignment/star/sorted/SRX11780889.transcriptome.sorted.bam",
                "alignment/star/sorted/SRX11780889.transcriptome.sorted.bam.bai",
                "alignment/star/sorted/SRX11780890.genome.sorted.bam",
                "alignment/star/sorted/SRX11780890.genome.sorted.bam.bai",
                "alignment/star/sorted/SRX11780890.transcriptome.sorted.bam",
                "alignment/star/sorted/SRX11780890.transcriptome.sorted.bam.bai",
                "alignment/star/sorted/samtools_stats",
                "alignment/star/sorted/samtools_stats/SRX11780879.genome.sorted.bam.flagstat",
                "alignment/star/sorted/samtools_stats/SRX11780879.genome.sorted.bam.idxstats",
                "alignment/star/sorted/samtools_stats/SRX11780879.genome.sorted.bam.stats",
                "alignment/star/sorted/samtools_stats/SRX11780879.transcriptome.sorted.bam.flagstat",
                "alignment/star/sorted/samtools_stats/SRX11780879.transcriptome.sorted.bam.idxstats",
                "alignment/star/sorted/samtools_stats/SRX11780879.transcriptome.sorted.bam.stats",
                "alignment/star/sorted/samtools_stats/SRX11780880.genome.sorted.bam.flagstat",
                "alignment/star/sorted/samtools_stats/SRX11780880.genome.sorted.bam.idxstats",
                "alignment/star/sorted/samtools_stats/SRX11780880.genome.sorted.bam.stats",
                "alignment/star/sorted/samtools_stats/SRX11780880.transcriptome.sorted.bam.flagstat",
                "alignment/star/sorted/samtools_stats/SRX11780880.transcriptome.sorted.bam.idxstats",
                "alignment/star/sorted/samtools_stats/SRX11780880.transcriptome.sorted.bam.stats",
                "alignment/star/sorted/samtools_stats/SRX11780881.genome.sorted.bam.flagstat",
                "alignment/star/sorted/samtools_stats/SRX11780881.genome.sorted.bam.idxstats",
                "alignment/star/sorted/samtools_stats/SRX11780881.genome.sorted.bam.stats",
                "alignment/star/sorted/samtools_stats/SRX11780881.transcriptome.sorted.bam.flagstat",
                "alignment/star/sorted/samtools_stats/SRX11780881.transcriptome.sorted.bam.idxstats",
                "alignment/star/sorted/samtools_stats/SRX11780881.transcriptome.sorted.bam.stats",
                "alignment/star/sorted/samtools_stats/SRX11780882.genome.sorted.bam.flagstat",
                "alignment/star/sorted/samtools_stats/SRX11780882.genome.sorted.bam.idxstats",
                "alignment/star/sorted/samtools_stats/SRX11780882.genome.sorted.bam.stats",
                "alignment/star/sorted/samtools_stats/SRX11780882.transcriptome.sorted.bam.flagstat",
                "alignment/star/sorted/samtools_stats/SRX11780882.transcriptome.sorted.bam.idxstats",
                "alignment/star/sorted/samtools_stats/SRX11780882.transcriptome.sorted.bam.stats",
                "alignment/star/sorted/samtools_stats/SRX11780883.genome.sorted.bam.flagstat",
                "alignment/star/sorted/samtools_stats/SRX11780883.genome.sorted.bam.idxstats",
                "alignment/star/sorted/samtools_stats/SRX11780883.genome.sorted.bam.stats",
                "alignment/star/sorted/samtools_stats/SRX11780883.transcriptome.sorted.bam.flagstat",
                "alignment/star/sorted/samtools_stats/SRX11780883.transcriptome.sorted.bam.idxstats",
                "alignment/star/sorted/samtools_stats/SRX11780883.transcriptome.sorted.bam.stats",
                "alignment/star/sorted/samtools_stats/SRX11780884.genome.sorted.bam.flagstat",
                "alignment/star/sorted/samtools_stats/SRX11780884.genome.sorted.bam.idxstats",
                "alignment/star/sorted/samtools_stats/SRX11780884.genome.sorted.bam.stats",
                "alignment/star/sorted/samtools_stats/SRX11780884.transcriptome.sorted.bam.flagstat",
                "alignment/star/sorted/samtools_stats/SRX11780884.transcriptome.sorted.bam.idxstats",
                "alignment/star/sorted/samtools_stats/SRX11780884.transcriptome.sorted.bam.stats",
                "alignment/star/sorted/samtools_stats/SRX11780885.genome.sorted.bam.flagstat",
                "alignment/star/sorted/samtools_stats/SRX11780885.genome.sorted.bam.idxstats",
                "alignment/star/sorted/samtools_stats/SRX11780885.genome.sorted.bam.stats",
                "alignment/star/sorted/samtools_stats/SRX11780885.transcriptome.sorted.bam.flagstat",
                "alignment/star/sorted/samtools_stats/SRX11780885.transcriptome.sorted.bam.idxstats",
                "alignment/star/sorted/samtools_stats/SRX11780885.transcriptome.sorted.bam.stats",
                "alignment/star/sorted/samtools_stats/SRX11780886.genome.sorted.bam.flagstat",
                "alignment/star/sorted/samtools_stats/SRX11780886.genome.sorted.bam.idxstats",
                "alignment/star/sorted/samtools_stats/SRX11780886.genome.sorted.bam.stats",
                "alignment/star/sorted/samtools_stats/SRX11780886.transcriptome.sorted.bam.flagstat",
                "alignment/star/sorted/samtools_stats/SRX11780886.transcriptome.sorted.bam.idxstats",
                "alignment/star/sorted/samtools_stats/SRX11780886.transcriptome.sorted.bam.stats",
                "alignment/star/sorted/samtools_stats/SRX11780887.genome.sorted.bam.flagstat",
                "alignment/star/sorted/samtools_stats/SRX11780887.genome.sorted.bam.idxstats",
                "alignment/star/sorted/samtools_stats/SRX11780887.genome.sorted.bam.stats",
                "alignment/star/sorted/samtools_stats/SRX11780887.transcriptome.sorted.bam.flagstat",
                "alignment/star/sorted/samtools_stats/SRX11780887.transcriptome.sorted.bam.idxstats",
                "alignment/star/sorted/samtools_stats/SRX11780887.transcriptome.sorted.bam.stats",
                "alignment/star/sorted/samtools_stats/SRX11780888.genome.sorted.bam.flagstat",
                "alignment/star/sorted/samtools_stats/SRX11780888.genome.sorted.bam.idxstats",
                "alignment/star/sorted/samtools_stats/SRX11780888.genome.sorted.bam.stats",
                "alignment/star/sorted/samtools_stats/SRX11780888.transcriptome.sorted.bam.flagstat",
                "alignment/star/sorted/samtools_stats/SRX11780888.transcriptome.sorted.bam.idxstats",
                "alignment/star/sorted/samtools_stats/SRX11780888.transcriptome.sorted.bam.stats",
                "alignment/star/sorted/samtools_stats/SRX11780889.genome.sorted.bam.flagstat",
                "alignment/star/sorted/samtools_stats/SRX11780889.genome.sorted.bam.idxstats",
                "alignment/star/sorted/samtools_stats/SRX11780889.genome.sorted.bam.stats",
                "alignment/star/sorted/samtools_stats/SRX11780889.transcriptome.sorted.bam.flagstat",
                "alignment/star/sorted/samtools_stats/SRX11780889.transcriptome.sorted.bam.idxstats",
                "alignment/star/sorted/samtools_stats/SRX11780889.transcriptome.sorted.bam.stats",
                "alignment/star/sorted/samtools_stats/SRX11780890.genome.sorted.bam.flagstat",
                "alignment/star/sorted/samtools_stats/SRX11780890.genome.sorted.bam.idxstats",
                "alignment/star/sorted/samtools_stats/SRX11780890.genome.sorted.bam.stats",
                "alignment/star/sorted/samtools_stats/SRX11780890.transcriptome.sorted.bam.flagstat",
                "alignment/star/sorted/samtools_stats/SRX11780890.transcriptome.sorted.bam.idxstats",
                "alignment/star/sorted/samtools_stats/SRX11780890.transcriptome.sorted.bam.stats",
                "alignment/star/unmapped",
                "genome",
                "genome/index",
                "genome/sortmerna",
                "multiqc",
                "multiqc/star",
                "multiqc/star/multiqc_report_data",
                "multiqc/star/multiqc_report_data/cutadapt_filtered_reads_plot.txt",
                "multiqc/star/multiqc_report_data/cutadapt_trimmed_sequences_plot_3_Counts.txt",
                "multiqc/star/multiqc_report_data/cutadapt_trimmed_sequences_plot_3_Obs_Exp.txt",
                "multiqc/star/multiqc_report_data/fastqc-1-status-check-heatmap.txt",
                "multiqc/star/multiqc_report_data/fastqc-1_overrepresented_sequences_plot.txt",
                "multiqc/star/multiqc_report_data/fastqc-1_per_base_n_content_plot.txt",
                "multiqc/star/multiqc_report_data/fastqc-1_per_base_sequence_quality_plot.txt",
                "multiqc/star/multiqc_report_data/fastqc-1_per_sequence_gc_content_plot_Counts.txt",
                "multiqc/star/multiqc_report_data/fastqc-1_per_sequence_gc_content_plot_Percentages.txt",
                "multiqc/star/multiqc_report_data/fastqc-1_per_sequence_quality_scores_plot.txt",
                "multiqc/star/multiqc_report_data/fastqc-1_sequence_counts_plot.txt",
                "multiqc/star/multiqc_report_data/fastqc-1_sequence_duplication_levels_plot.txt",
                "multiqc/star/multiqc_report_data/fastqc-1_top_overrepresented_sequences_table.txt",
                "multiqc/star/multiqc_report_data/fastqc-status-check-heatmap.txt",
                "multiqc/star/multiqc_report_data/fastqc_overrepresented_sequences_plot.txt",
                "multiqc/star/multiqc_report_data/fastqc_per_base_n_content_plot.txt",
                "multiqc/star/multiqc_report_data/fastqc_per_base_sequence_quality_plot.txt",
                "multiqc/star/multiqc_report_data/fastqc_per_sequence_gc_content_plot_Counts.txt",
                "multiqc/star/multiqc_report_data/fastqc_per_sequence_gc_content_plot_Percentages.txt",
                "multiqc/star/multiqc_report_data/fastqc_per_sequence_quality_scores_plot.txt",
                "multiqc/star/multiqc_report_data/fastqc_sequence_counts_plot.txt",
                "multiqc/star/multiqc_report_data/fastqc_sequence_duplication_levels_plot.txt",
                "multiqc/star/multiqc_report_data/fastqc_sequence_length_distribution_plot.txt",
                "multiqc/star/multiqc_report_data/fastqc_top_overrepresented_sequences_table.txt",
                "multiqc/star/multiqc_report_data/multiqc.log",
                "multiqc/star/multiqc_report_data/multiqc_citations.txt",
                "multiqc/star/multiqc_report_data/multiqc_cutadapt.txt",
                "multiqc/star/multiqc_report_data/multiqc_data.json",
                "multiqc/star/multiqc_report_data/multiqc_fastqc.txt",
                "multiqc/star/multiqc_report_data/multiqc_fastqc_1.txt",
                "multiqc/star/multiqc_report_data/multiqc_general_stats.txt",
                "multiqc/star/multiqc_report_data/multiqc_samtools_flagstat.txt",
                "multiqc/star/multiqc_report_data/multiqc_samtools_idxstats.txt",
                "multiqc/star/multiqc_report_data/multiqc_samtools_stats.txt",
                "multiqc/star/multiqc_report_data/multiqc_software_versions.txt",
                "multiqc/star/multiqc_report_data/multiqc_sortmerna.txt",
                "multiqc/star/multiqc_report_data/multiqc_sources.txt",
                "multiqc/star/multiqc_report_data/multiqc_star.txt",
                "multiqc/star/multiqc_report_data/samtools-flagstat-dp_Percentage_of_total.txt",
                "multiqc/star/multiqc_report_data/samtools-flagstat-dp_Read_counts.txt",
                "multiqc/star/multiqc_report_data/samtools-idxstats-mapped-reads-plot_Normalised_Counts.txt",
                "multiqc/star/multiqc_report_data/samtools-idxstats-mapped-reads-plot_Observed_over_Expected_Counts.txt",
                "multiqc/star/multiqc_report_data/samtools-idxstats-mapped-reads-plot_Raw_Counts.txt",
                "multiqc/star/multiqc_report_data/samtools-stats-dp.txt",
                "multiqc/star/multiqc_report_data/samtools_alignment_plot.txt",
                "multiqc/star/multiqc_report_data/sortmerna-detailed-plot.txt",
                "multiqc/star/multiqc_report_data/star_alignment_plot.txt",
                "multiqc/star/multiqc_report_data/star_summary_table.txt",
                "multiqc/star/multiqc_report_plots",
                "multiqc/star/multiqc_report_plots/pdf",
                "multiqc/star/multiqc_report_plots/pdf/cutadapt_filtered_reads_plot-cnt.pdf",
                "multiqc/star/multiqc_report_plots/pdf/cutadapt_filtered_reads_plot-pct.pdf",
                "multiqc/star/multiqc_report_plots/pdf/cutadapt_trimmed_sequences_plot_3_Counts.pdf",
                "multiqc/star/multiqc_report_plots/pdf/cutadapt_trimmed_sequences_plot_3_Obs_Exp.pdf",
                "multiqc/star/multiqc_report_plots/pdf/fastqc-1-status-check-heatmap.pdf",
                "multiqc/star/multiqc_report_plots/pdf/fastqc-1_overrepresented_sequences_plot.pdf",
                "multiqc/star/multiqc_report_plots/pdf/fastqc-1_per_base_n_content_plot.pdf",
                "multiqc/star/multiqc_report_plots/pdf/fastqc-1_per_base_sequence_quality_plot.pdf",
                "multiqc/star/multiqc_report_plots/pdf/fastqc-1_per_sequence_gc_content_plot_Counts.pdf",
                "multiqc/star/multiqc_report_plots/pdf/fastqc-1_per_sequence_gc_content_plot_Percentages.pdf",
                "multiqc/star/multiqc_report_plots/pdf/fastqc-1_per_sequence_quality_scores_plot.pdf",
                "multiqc/star/multiqc_report_plots/pdf/fastqc-1_sequence_counts_plot-cnt.pdf",
                "multiqc/star/multiqc_report_plots/pdf/fastqc-1_sequence_counts_plot-pct.pdf",
                "multiqc/star/multiqc_report_plots/pdf/fastqc-1_sequence_duplication_levels_plot.pdf",
                "multiqc/star/multiqc_report_plots/pdf/fastqc-1_top_overrepresented_sequences_table.pdf",
                "multiqc/star/multiqc_report_plots/pdf/fastqc-status-check-heatmap.pdf",
                "multiqc/star/multiqc_report_plots/pdf/fastqc_overrepresented_sequences_plot.pdf",
                "multiqc/star/multiqc_report_plots/pdf/fastqc_per_base_n_content_plot.pdf",
                "multiqc/star/multiqc_report_plots/pdf/fastqc_per_base_sequence_quality_plot.pdf",
                "multiqc/star/multiqc_report_plots/pdf/fastqc_per_sequence_gc_content_plot_Counts.pdf",
                "multiqc/star/multiqc_report_plots/pdf/fastqc_per_sequence_gc_content_plot_Percentages.pdf",
                "multiqc/star/multiqc_report_plots/pdf/fastqc_per_sequence_quality_scores_plot.pdf",
                "multiqc/star/multiqc_report_plots/pdf/fastqc_sequence_counts_plot-cnt.pdf",
                "multiqc/star/multiqc_report_plots/pdf/fastqc_sequence_counts_plot-pct.pdf",
                "multiqc/star/multiqc_report_plots/pdf/fastqc_sequence_duplication_levels_plot.pdf",
                "multiqc/star/multiqc_report_plots/pdf/fastqc_sequence_length_distribution_plot.pdf",
                "multiqc/star/multiqc_report_plots/pdf/fastqc_top_overrepresented_sequences_table.pdf",
                "multiqc/star/multiqc_report_plots/pdf/general_stats_table.pdf",
                "multiqc/star/multiqc_report_plots/pdf/samtools-flagstat-dp_Percentage_of_total.pdf",
                "multiqc/star/multiqc_report_plots/pdf/samtools-flagstat-dp_Read_counts.pdf",
                "multiqc/star/multiqc_report_plots/pdf/samtools-idxstats-mapped-reads-plot_Normalised_Counts-cnt.pdf",
                "multiqc/star/multiqc_report_plots/pdf/samtools-idxstats-mapped-reads-plot_Normalised_Counts-log.pdf",
                "multiqc/star/multiqc_report_plots/pdf/samtools-idxstats-mapped-reads-plot_Observed_over_Expected_Counts-cnt.pdf",
                "multiqc/star/multiqc_report_plots/pdf/samtools-idxstats-mapped-reads-plot_Observed_over_Expected_Counts-log.pdf",
                "multiqc/star/multiqc_report_plots/pdf/samtools-idxstats-mapped-reads-plot_Raw_Counts-cnt.pdf",
                "multiqc/star/multiqc_report_plots/pdf/samtools-idxstats-mapped-reads-plot_Raw_Counts-log.pdf",
                "multiqc/star/multiqc_report_plots/pdf/samtools-stats-dp.pdf",
                "multiqc/star/multiqc_report_plots/pdf/samtools_alignment_plot-cnt.pdf",
                "multiqc/star/multiqc_report_plots/pdf/samtools_alignment_plot-pct.pdf",
                "multiqc/star/multiqc_report_plots/pdf/sortmerna-detailed-plot-cnt.pdf",
                "multiqc/star/multiqc_report_plots/pdf/sortmerna-detailed-plot-pct.pdf",
                "multiqc/star/multiqc_report_plots/pdf/star_alignment_plot-cnt.pdf",
                "multiqc/star/multiqc_report_plots/pdf/star_alignment_plot-pct.pdf",
                "multiqc/star/multiqc_report_plots/pdf/star_summary_table.pdf",
                "multiqc/star/multiqc_report_plots/png",
                "multiqc/star/multiqc_report_plots/png/cutadapt_filtered_reads_plot-cnt.png",
                "multiqc/star/multiqc_report_plots/png/cutadapt_filtered_reads_plot-pct.png",
                "multiqc/star/multiqc_report_plots/png/cutadapt_trimmed_sequences_plot_3_Counts.png",
                "multiqc/star/multiqc_report_plots/png/cutadapt_trimmed_sequences_plot_3_Obs_Exp.png",
                "multiqc/star/multiqc_report_plots/png/fastqc-1-status-check-heatmap.png",
                "multiqc/star/multiqc_report_plots/png/fastqc-1_overrepresented_sequences_plot.png",
                "multiqc/star/multiqc_report_plots/png/fastqc-1_per_base_n_content_plot.png",
                "multiqc/star/multiqc_report_plots/png/fastqc-1_per_base_sequence_quality_plot.png",
                "multiqc/star/multiqc_report_plots/png/fastqc-1_per_sequence_gc_content_plot_Counts.png",
                "multiqc/star/multiqc_report_plots/png/fastqc-1_per_sequence_gc_content_plot_Percentages.png",
                "multiqc/star/multiqc_report_plots/png/fastqc-1_per_sequence_quality_scores_plot.png",
                "multiqc/star/multiqc_report_plots/png/fastqc-1_sequence_counts_plot-cnt.png",
                "multiqc/star/multiqc_report_plots/png/fastqc-1_sequence_counts_plot-pct.png",
                "multiqc/star/multiqc_report_plots/png/fastqc-1_sequence_duplication_levels_plot.png",
                "multiqc/star/multiqc_report_plots/png/fastqc-1_top_overrepresented_sequences_table.png",
                "multiqc/star/multiqc_report_plots/png/fastqc-status-check-heatmap.png",
                "multiqc/star/multiqc_report_plots/png/fastqc_overrepresented_sequences_plot.png",
                "multiqc/star/multiqc_report_plots/png/fastqc_per_base_n_content_plot.png",
                "multiqc/star/multiqc_report_plots/png/fastqc_per_base_sequence_quality_plot.png",
                "multiqc/star/multiqc_report_plots/png/fastqc_per_sequence_gc_content_plot_Counts.png",
                "multiqc/star/multiqc_report_plots/png/fastqc_per_sequence_gc_content_plot_Percentages.png",
                "multiqc/star/multiqc_report_plots/png/fastqc_per_sequence_quality_scores_plot.png",
                "multiqc/star/multiqc_report_plots/png/fastqc_sequence_counts_plot-cnt.png",
                "multiqc/star/multiqc_report_plots/png/fastqc_sequence_counts_plot-pct.png",
                "multiqc/star/multiqc_report_plots/png/fastqc_sequence_duplication_levels_plot.png",
                "multiqc/star/multiqc_report_plots/png/fastqc_sequence_length_distribution_plot.png",
                "multiqc/star/multiqc_report_plots/png/fastqc_top_overrepresented_sequences_table.png",
                "multiqc/star/multiqc_report_plots/png/general_stats_table.png",
                "multiqc/star/multiqc_report_plots/png/samtools-flagstat-dp_Percentage_of_total.png",
                "multiqc/star/multiqc_report_plots/png/samtools-flagstat-dp_Read_counts.png",
                "multiqc/star/multiqc_report_plots/png/samtools-idxstats-mapped-reads-plot_Normalised_Counts-cnt.png",
                "multiqc/star/multiqc_report_plots/png/samtools-idxstats-mapped-reads-plot_Normalised_Counts-log.png",
                "multiqc/star/multiqc_report_plots/png/samtools-idxstats-mapped-reads-plot_Observed_over_Expected_Counts-cnt.png",
                "multiqc/star/multiqc_report_plots/png/samtools-idxstats-mapped-reads-plot_Observed_over_Expected_Counts-log.png",
                "multiqc/star/multiqc_report_plots/png/samtools-idxstats-mapped-reads-plot_Raw_Counts-cnt.png",
                "multiqc/star/multiqc_report_plots/png/samtools-idxstats-mapped-reads-plot_Raw_Counts-log.png",
                "multiqc/star/multiqc_report_plots/png/samtools-stats-dp.png",
                "multiqc/star/multiqc_report_plots/png/samtools_alignment_plot-cnt.png",
                "multiqc/star/multiqc_report_plots/png/samtools_alignment_plot-pct.png",
                "multiqc/star/multiqc_report_plots/png/sortmerna-detailed-plot-cnt.png",
                "multiqc/star/multiqc_report_plots/png/sortmerna-detailed-plot-pct.png",
                "multiqc/star/multiqc_report_plots/png/star_alignment_plot-cnt.png",
                "multiqc/star/multiqc_report_plots/png/star_alignment_plot-pct.png",
                "multiqc/star/multiqc_report_plots/png/star_summary_table.png",
                "multiqc/star/multiqc_report_plots/svg",
                "multiqc/star/multiqc_report_plots/svg/cutadapt_filtered_reads_plot-cnt.svg",
                "multiqc/star/multiqc_report_plots/svg/cutadapt_filtered_reads_plot-pct.svg",
                "multiqc/star/multiqc_report_plots/svg/cutadapt_trimmed_sequences_plot_3_Counts.svg",
                "multiqc/star/multiqc_report_plots/svg/cutadapt_trimmed_sequences_plot_3_Obs_Exp.svg",
                "multiqc/star/multiqc_report_plots/svg/fastqc-1-status-check-heatmap.svg",
                "multiqc/star/multiqc_report_plots/svg/fastqc-1_overrepresented_sequences_plot.svg",
                "multiqc/star/multiqc_report_plots/svg/fastqc-1_per_base_n_content_plot.svg",
                "multiqc/star/multiqc_report_plots/svg/fastqc-1_per_base_sequence_quality_plot.svg",
                "multiqc/star/multiqc_report_plots/svg/fastqc-1_per_sequence_gc_content_plot_Counts.svg",
                "multiqc/star/multiqc_report_plots/svg/fastqc-1_per_sequence_gc_content_plot_Percentages.svg",
                "multiqc/star/multiqc_report_plots/svg/fastqc-1_per_sequence_quality_scores_plot.svg",
                "multiqc/star/multiqc_report_plots/svg/fastqc-1_sequence_counts_plot-cnt.svg",
                "multiqc/star/multiqc_report_plots/svg/fastqc-1_sequence_counts_plot-pct.svg",
                "multiqc/star/multiqc_report_plots/svg/fastqc-1_sequence_duplication_levels_plot.svg",
                "multiqc/star/multiqc_report_plots/svg/fastqc-1_top_overrepresented_sequences_table.svg",
                "multiqc/star/multiqc_report_plots/svg/fastqc-status-check-heatmap.svg",
                "multiqc/star/multiqc_report_plots/svg/fastqc_overrepresented_sequences_plot.svg",
                "multiqc/star/multiqc_report_plots/svg/fastqc_per_base_n_content_plot.svg",
                "multiqc/star/multiqc_report_plots/svg/fastqc_per_base_sequence_quality_plot.svg",
                "multiqc/star/multiqc_report_plots/svg/fastqc_per_sequence_gc_content_plot_Counts.svg",
                "multiqc/star/multiqc_report_plots/svg/fastqc_per_sequence_gc_content_plot_Percentages.svg",
                "multiqc/star/multiqc_report_plots/svg/fastqc_per_sequence_quality_scores_plot.svg",
                "multiqc/star/multiqc_report_plots/svg/fastqc_sequence_counts_plot-cnt.svg",
                "multiqc/star/multiqc_report_plots/svg/fastqc_sequence_counts_plot-pct.svg",
                "multiqc/star/multiqc_report_plots/svg/fastqc_sequence_duplication_levels_plot.svg",
                "multiqc/star/multiqc_report_plots/svg/fastqc_sequence_length_distribution_plot.svg",
                "multiqc/star/multiqc_report_plots/svg/fastqc_top_overrepresented_sequences_table.svg",
                "multiqc/star/multiqc_report_plots/svg/general_stats_table.svg",
                "multiqc/star/multiqc_report_plots/svg/samtools-flagstat-dp_Percentage_of_total.svg",
                "multiqc/star/multiqc_report_plots/svg/samtools-flagstat-dp_Read_counts.svg",
                "multiqc/star/multiqc_report_plots/svg/samtools-idxstats-mapped-reads-plot_Normalised_Counts-cnt.svg",
                "multiqc/star/multiqc_report_plots/svg/samtools-idxstats-mapped-reads-plot_Normalised_Counts-log.svg",
                "multiqc/star/multiqc_report_plots/svg/samtools-idxstats-mapped-reads-plot_Observed_over_Expected_Counts-cnt.svg",
                "multiqc/star/multiqc_report_plots/svg/samtools-idxstats-mapped-reads-plot_Observed_over_Expected_Counts-log.svg",
                "multiqc/star/multiqc_report_plots/svg/samtools-idxstats-mapped-reads-plot_Raw_Counts-cnt.svg",
                "multiqc/star/multiqc_report_plots/svg/samtools-idxstats-mapped-reads-plot_Raw_Counts-log.svg",
                "multiqc/star/multiqc_report_plots/svg/samtools-stats-dp.svg",
                "multiqc/star/multiqc_report_plots/svg/samtools_alignment_plot-cnt.svg",
                "multiqc/star/multiqc_report_plots/svg/samtools_alignment_plot-pct.svg",
                "multiqc/star/multiqc_report_plots/svg/sortmerna-detailed-plot-cnt.svg",
                "multiqc/star/multiqc_report_plots/svg/sortmerna-detailed-plot-pct.svg",
                "multiqc/star/multiqc_report_plots/svg/star_alignment_plot-cnt.svg",
                "multiqc/star/multiqc_report_plots/svg/star_alignment_plot-pct.svg",
                "multiqc/star/multiqc_report_plots/svg/star_summary_table.svg",
                "orf_predictions",
                "orf_predictions/ribotish",
                "orf_predictions/ribotish/SRX11780885_all.txt",
                "orf_predictions/ribotish/SRX11780885_pred.txt",
                "orf_predictions/ribotish/SRX11780885_transprofile.py",
                "orf_predictions/ribotish/SRX11780886_all.txt",
                "orf_predictions/ribotish/SRX11780886_pred.txt",
                "orf_predictions/ribotish/SRX11780886_transprofile.py",
                "orf_predictions/ribotish/SRX11780887_all.txt",
                "orf_predictions/ribotish/SRX11780887_pred.txt",
                "orf_predictions/ribotish/SRX11780887_transprofile.py",
                "orf_predictions/ribotish/SRX11780888_all.txt",
                "orf_predictions/ribotish/SRX11780888_pred.txt",
                "orf_predictions/ribotish/SRX11780888_transprofile.py",
                "orf_predictions/ribotish/SRX11780889_all.txt",
                "orf_predictions/ribotish/SRX11780889_pred.txt",
                "orf_predictions/ribotish/SRX11780889_transprofile.py",
                "orf_predictions/ribotish/SRX11780890_all.txt",
                "orf_predictions/ribotish/SRX11780890_pred.txt",
                "orf_predictions/ribotish/SRX11780890_transprofile.py",
                "orf_predictions/ribotish_all",
                "orf_predictions/ribotish_all/allsamples_all.txt",
                "orf_predictions/ribotish_all/allsamples_pred.txt",
                "orf_predictions/ribotish_all/allsamples_transprofile.py",
                "pipeline_info",
                "pipeline_info/nf_core_pipeline_software_mqc_versions.yml",
                "preprocessing",
                "preprocessing/fastqc",
                "preprocessing/fastqc/SRX11780879_raw_1_fastqc.html",
                "preprocessing/fastqc/SRX11780879_raw_1_fastqc.zip",
                "preprocessing/fastqc/SRX11780879_raw_2_fastqc.html",
                "preprocessing/fastqc/SRX11780879_raw_2_fastqc.zip",
                "preprocessing/fastqc/SRX11780880_raw_1_fastqc.html",
                "preprocessing/fastqc/SRX11780880_raw_1_fastqc.zip",
                "preprocessing/fastqc/SRX11780880_raw_2_fastqc.html",
                "preprocessing/fastqc/SRX11780880_raw_2_fastqc.zip",
                "preprocessing/fastqc/SRX11780881_raw_1_fastqc.html",
                "preprocessing/fastqc/SRX11780881_raw_1_fastqc.zip",
                "preprocessing/fastqc/SRX11780881_raw_2_fastqc.html",
                "preprocessing/fastqc/SRX11780881_raw_2_fastqc.zip",
                "preprocessing/fastqc/SRX11780882_raw_1_fastqc.html",
                "preprocessing/fastqc/SRX11780882_raw_1_fastqc.zip",
                "preprocessing/fastqc/SRX11780882_raw_2_fastqc.html",
                "preprocessing/fastqc/SRX11780882_raw_2_fastqc.zip",
                "preprocessing/fastqc/SRX11780883_raw_1_fastqc.html",
                "preprocessing/fastqc/SRX11780883_raw_1_fastqc.zip",
                "preprocessing/fastqc/SRX11780883_raw_2_fastqc.html",
                "preprocessing/fastqc/SRX11780883_raw_2_fastqc.zip",
                "preprocessing/fastqc/SRX11780884_raw_1_fastqc.html",
                "preprocessing/fastqc/SRX11780884_raw_1_fastqc.zip",
                "preprocessing/fastqc/SRX11780884_raw_2_fastqc.html",
                "preprocessing/fastqc/SRX11780884_raw_2_fastqc.zip",
                "preprocessing/fastqc/SRX11780885_raw_fastqc.html",
                "preprocessing/fastqc/SRX11780885_raw_fastqc.zip",
                "preprocessing/fastqc/SRX11780886_raw_fastqc.html",
                "preprocessing/fastqc/SRX11780886_raw_fastqc.zip",
                "preprocessing/fastqc/SRX11780887_raw_fastqc.html",
                "preprocessing/fastqc/SRX11780887_raw_fastqc.zip",
                "preprocessing/fastqc/SRX11780888_raw_fastqc.html",
                "preprocessing/fastqc/SRX11780888_raw_fastqc.zip",
                "preprocessing/fastqc/SRX11780889_raw_fastqc.html",
                "preprocessing/fastqc/SRX11780889_raw_fastqc.zip",
                "preprocessing/fastqc/SRX11780890_raw_fastqc.html",
                "preprocessing/fastqc/SRX11780890_raw_fastqc.zip",
                "preprocessing/sortmerna",
                "preprocessing/sortmerna/SRX11780879.sortmerna.log",
                "preprocessing/sortmerna/SRX11780880.sortmerna.log",
                "preprocessing/sortmerna/SRX11780881.sortmerna.log",
                "preprocessing/sortmerna/SRX11780882.sortmerna.log",
                "preprocessing/sortmerna/SRX11780883.sortmerna.log",
                "preprocessing/sortmerna/SRX11780884.sortmerna.log",
                "preprocessing/sortmerna/SRX11780885.sortmerna.log",
                "preprocessing/sortmerna/SRX11780886.sortmerna.log",
                "preprocessing/sortmerna/SRX11780887.sortmerna.log",
                "preprocessing/sortmerna/SRX11780888.sortmerna.log",
                "preprocessing/sortmerna/SRX11780889.sortmerna.log",
                "preprocessing/sortmerna/SRX11780890.sortmerna.log",
                "preprocessing/trimgalore",
                "preprocessing/trimgalore/SRX11780879_1.fastq.gz_trimming_report.txt",
                "preprocessing/trimgalore/SRX11780879_2.fastq.gz_trimming_report.txt",
                "preprocessing/trimgalore/SRX11780880_1.fastq.gz_trimming_report.txt",
                "preprocessing/trimgalore/SRX11780880_2.fastq.gz_trimming_report.txt",
                "preprocessing/trimgalore/SRX11780881_1.fastq.gz_trimming_report.txt",
                "preprocessing/trimgalore/SRX11780881_2.fastq.gz_trimming_report.txt",
                "preprocessing/trimgalore/SRX11780882_1.fastq.gz_trimming_report.txt",
                "preprocessing/trimgalore/SRX11780882_2.fastq.gz_trimming_report.txt",
                "preprocessing/trimgalore/SRX11780883_1.fastq.gz_trimming_report.txt",
                "preprocessing/trimgalore/SRX11780883_2.fastq.gz_trimming_report.txt",
                "preprocessing/trimgalore/SRX11780884_1.fastq.gz_trimming_report.txt",
                "preprocessing/trimgalore/SRX11780884_2.fastq.gz_trimming_report.txt",
                "preprocessing/trimgalore/SRX11780885.fastq.gz_trimming_report.txt",
                "preprocessing/trimgalore/SRX11780886.fastq.gz_trimming_report.txt",
                "preprocessing/trimgalore/SRX11780887.fastq.gz_trimming_report.txt",
                "preprocessing/trimgalore/SRX11780888.fastq.gz_trimming_report.txt",
                "preprocessing/trimgalore/SRX11780889.fastq.gz_trimming_report.txt",
                "preprocessing/trimgalore/SRX11780890.fastq.gz_trimming_report.txt",
                "preprocessing/trimgalore/fastqc",
                "preprocessing/trimgalore/fastqc/SRX11780879_1_val_1_fastqc.html",
                "preprocessing/trimgalore/fastqc/SRX11780879_1_val_1_fastqc.zip",
                "preprocessing/trimgalore/fastqc/SRX11780879_2_val_2_fastqc.html",
                "preprocessing/trimgalore/fastqc/SRX11780879_2_val_2_fastqc.zip",
                "preprocessing/trimgalore/fastqc/SRX11780880_1_val_1_fastqc.html",
                "preprocessing/trimgalore/fastqc/SRX11780880_1_val_1_fastqc.zip",
                "preprocessing/trimgalore/fastqc/SRX11780880_2_val_2_fastqc.html",
                "preprocessing/trimgalore/fastqc/SRX11780880_2_val_2_fastqc.zip",
                "preprocessing/trimgalore/fastqc/SRX11780881_1_val_1_fastqc.html",
                "preprocessing/trimgalore/fastqc/SRX11780881_1_val_1_fastqc.zip",
                "preprocessing/trimgalore/fastqc/SRX11780881_2_val_2_fastqc.html",
                "preprocessing/trimgalore/fastqc/SRX11780881_2_val_2_fastqc.zip",
                "preprocessing/trimgalore/fastqc/SRX11780882_1_val_1_fastqc.html",
                "preprocessing/trimgalore/fastqc/SRX11780882_1_val_1_fastqc.zip",
                "preprocessing/trimgalore/fastqc/SRX11780882_2_val_2_fastqc.html",
                "preprocessing/trimgalore/fastqc/SRX11780882_2_val_2_fastqc.zip",
                "preprocessing/trimgalore/fastqc/SRX11780883_1_val_1_fastqc.html",
                "preprocessing/trimgalore/fastqc/SRX11780883_1_val_1_fastqc.zip",
                "preprocessing/trimgalore/fastqc/SRX11780883_2_val_2_fastqc.html",
                "preprocessing/trimgalore/fastqc/SRX11780883_2_val_2_fastqc.zip",
                "preprocessing/trimgalore/fastqc/SRX11780884_1_val_1_fastqc.html",
                "preprocessing/trimgalore/fastqc/SRX11780884_1_val_1_fastqc.zip",
                "preprocessing/trimgalore/fastqc/SRX11780884_2_val_2_fastqc.html",
                "preprocessing/trimgalore/fastqc/SRX11780884_2_val_2_fastqc.zip",
                "preprocessing/trimgalore/fastqc/SRX11780885_trimmed_fastqc.html",
                "preprocessing/trimgalore/fastqc/SRX11780885_trimmed_fastqc.zip",
                "preprocessing/trimgalore/fastqc/SRX11780886_trimmed_fastqc.html",
                "preprocessing/trimgalore/fastqc/SRX11780886_trimmed_fastqc.zip",
                "preprocessing/trimgalore/fastqc/SRX11780887_trimmed_fastqc.html",
                "preprocessing/trimgalore/fastqc/SRX11780887_trimmed_fastqc.zip",
                "preprocessing/trimgalore/fastqc/SRX11780888_trimmed_fastqc.html",
                "preprocessing/trimgalore/fastqc/SRX11780888_trimmed_fastqc.zip",
                "preprocessing/trimgalore/fastqc/SRX11780889_trimmed_fastqc.html",
                "preprocessing/trimgalore/fastqc/SRX11780889_trimmed_fastqc.zip",
                "preprocessing/trimgalore/fastqc/SRX11780890_trimmed_fastqc.html",
                "preprocessing/trimgalore/fastqc/SRX11780890_trimmed_fastqc.zip",
                "quantification",
                "quantification/salmon",
                "quantification/salmon/SRX11780879",
                "quantification/salmon/SRX11780879/aux_info",
                "quantification/salmon/SRX11780879/aux_info/ambig_info.tsv",
                "quantification/salmon/SRX11780879/aux_info/expected_bias.gz",
                "quantification/salmon/SRX11780879/aux_info/fld.gz",
                "quantification/salmon/SRX11780879/aux_info/meta_info.json",
                "quantification/salmon/SRX11780879/aux_info/observed_bias.gz",
                "quantification/salmon/SRX11780879/aux_info/observed_bias_3p.gz",
                "quantification/salmon/SRX11780879/cmd_info.json",
                "quantification/salmon/SRX11780879/libParams",
                "quantification/salmon/SRX11780879/libParams/flenDist.txt",
                "quantification/salmon/SRX11780879/logs",
                "quantification/salmon/SRX11780879/logs/salmon_quant.log",
                "quantification/salmon/SRX11780879/quant.genes.sf",
                "quantification/salmon/SRX11780879/quant.sf",
                "quantification/salmon/SRX11780880",
                "quantification/salmon/SRX11780880/aux_info",
                "quantification/salmon/SRX11780880/aux_info/ambig_info.tsv",
                "quantification/salmon/SRX11780880/aux_info/expected_bias.gz",
                "quantification/salmon/SRX11780880/aux_info/fld.gz",
                "quantification/salmon/SRX11780880/aux_info/meta_info.json",
                "quantification/salmon/SRX11780880/aux_info/observed_bias.gz",
                "quantification/salmon/SRX11780880/aux_info/observed_bias_3p.gz",
                "quantification/salmon/SRX11780880/cmd_info.json",
                "quantification/salmon/SRX11780880/libParams",
                "quantification/salmon/SRX11780880/libParams/flenDist.txt",
                "quantification/salmon/SRX11780880/logs",
                "quantification/salmon/SRX11780880/logs/salmon_quant.log",
                "quantification/salmon/SRX11780880/quant.genes.sf",
                "quantification/salmon/SRX11780880/quant.sf",
                "quantification/salmon/SRX11780881",
                "quantification/salmon/SRX11780881/aux_info",
                "quantification/salmon/SRX11780881/aux_info/ambig_info.tsv",
                "quantification/salmon/SRX11780881/aux_info/expected_bias.gz",
                "quantification/salmon/SRX11780881/aux_info/fld.gz",
                "quantification/salmon/SRX11780881/aux_info/meta_info.json",
                "quantification/salmon/SRX11780881/aux_info/observed_bias.gz",
                "quantification/salmon/SRX11780881/aux_info/observed_bias_3p.gz",
                "quantification/salmon/SRX11780881/cmd_info.json",
                "quantification/salmon/SRX11780881/libParams",
                "quantification/salmon/SRX11780881/libParams/flenDist.txt",
                "quantification/salmon/SRX11780881/logs",
                "quantification/salmon/SRX11780881/logs/salmon_quant.log",
                "quantification/salmon/SRX11780881/quant.genes.sf",
                "quantification/salmon/SRX11780881/quant.sf",
                "quantification/salmon/SRX11780882",
                "quantification/salmon/SRX11780882/aux_info",
                "quantification/salmon/SRX11780882/aux_info/ambig_info.tsv",
                "quantification/salmon/SRX11780882/aux_info/expected_bias.gz",
                "quantification/salmon/SRX11780882/aux_info/fld.gz",
                "quantification/salmon/SRX11780882/aux_info/meta_info.json",
                "quantification/salmon/SRX11780882/aux_info/observed_bias.gz",
                "quantification/salmon/SRX11780882/aux_info/observed_bias_3p.gz",
                "quantification/salmon/SRX11780882/cmd_info.json",
                "quantification/salmon/SRX11780882/libParams",
                "quantification/salmon/SRX11780882/libParams/flenDist.txt",
                "quantification/salmon/SRX11780882/logs",
                "quantification/salmon/SRX11780882/logs/salmon_quant.log",
                "quantification/salmon/SRX11780882/quant.genes.sf",
                "quantification/salmon/SRX11780882/quant.sf",
                "quantification/salmon/SRX11780883",
                "quantification/salmon/SRX11780883/aux_info",
                "quantification/salmon/SRX11780883/aux_info/ambig_info.tsv",
                "quantification/salmon/SRX11780883/aux_info/expected_bias.gz",
                "quantification/salmon/SRX11780883/aux_info/fld.gz",
                "quantification/salmon/SRX11780883/aux_info/meta_info.json",
                "quantification/salmon/SRX11780883/aux_info/observed_bias.gz",
                "quantification/salmon/SRX11780883/aux_info/observed_bias_3p.gz",
                "quantification/salmon/SRX11780883/cmd_info.json",
                "quantification/salmon/SRX11780883/libParams",
                "quantification/salmon/SRX11780883/libParams/flenDist.txt",
                "quantification/salmon/SRX11780883/logs",
                "quantification/salmon/SRX11780883/logs/salmon_quant.log",
                "quantification/salmon/SRX11780883/quant.genes.sf",
                "quantification/salmon/SRX11780883/quant.sf",
                "quantification/salmon/SRX11780884",
                "quantification/salmon/SRX11780884/aux_info",
                "quantification/salmon/SRX11780884/aux_info/ambig_info.tsv",
                "quantification/salmon/SRX11780884/aux_info/expected_bias.gz",
                "quantification/salmon/SRX11780884/aux_info/fld.gz",
                "quantification/salmon/SRX11780884/aux_info/meta_info.json",
                "quantification/salmon/SRX11780884/aux_info/observed_bias.gz",
                "quantification/salmon/SRX11780884/aux_info/observed_bias_3p.gz",
                "quantification/salmon/SRX11780884/cmd_info.json",
                "quantification/salmon/SRX11780884/libParams",
                "quantification/salmon/SRX11780884/libParams/flenDist.txt",
                "quantification/salmon/SRX11780884/logs",
                "quantification/salmon/SRX11780884/logs/salmon_quant.log",
                "quantification/salmon/SRX11780884/quant.genes.sf",
                "quantification/salmon/SRX11780884/quant.sf",
                "quantification/salmon/SRX11780885",
                "quantification/salmon/SRX11780885/aux_info",
                "quantification/salmon/SRX11780885/aux_info/ambig_info.tsv",
                "quantification/salmon/SRX11780885/aux_info/expected_bias.gz",
                "quantification/salmon/SRX11780885/aux_info/fld.gz",
                "quantification/salmon/SRX11780885/aux_info/meta_info.json",
                "quantification/salmon/SRX11780885/aux_info/observed_bias.gz",
                "quantification/salmon/SRX11780885/aux_info/observed_bias_3p.gz",
                "quantification/salmon/SRX11780885/cmd_info.json",
                "quantification/salmon/SRX11780885/libParams",
                "quantification/salmon/SRX11780885/libParams/flenDist.txt",
                "quantification/salmon/SRX11780885/logs",
                "quantification/salmon/SRX11780885/logs/salmon_quant.log",
                "quantification/salmon/SRX11780885/quant.genes.sf",
                "quantification/salmon/SRX11780885/quant.sf",
                "quantification/salmon/SRX11780886",
                "quantification/salmon/SRX11780886/aux_info",
                "quantification/salmon/SRX11780886/aux_info/ambig_info.tsv",
                "quantification/salmon/SRX11780886/aux_info/expected_bias.gz",
                "quantification/salmon/SRX11780886/aux_info/fld.gz",
                "quantification/salmon/SRX11780886/aux_info/meta_info.json",
                "quantification/salmon/SRX11780886/aux_info/observed_bias.gz",
                "quantification/salmon/SRX11780886/aux_info/observed_bias_3p.gz",
                "quantification/salmon/SRX11780886/cmd_info.json",
                "quantification/salmon/SRX11780886/libParams",
                "quantification/salmon/SRX11780886/libParams/flenDist.txt",
                "quantification/salmon/SRX11780886/logs",
                "quantification/salmon/SRX11780886/logs/salmon_quant.log",
                "quantification/salmon/SRX11780886/quant.genes.sf",
                "quantification/salmon/SRX11780886/quant.sf",
                "quantification/salmon/SRX11780887",
                "quantification/salmon/SRX11780887/aux_info",
                "quantification/salmon/SRX11780887/aux_info/ambig_info.tsv",
                "quantification/salmon/SRX11780887/aux_info/expected_bias.gz",
                "quantification/salmon/SRX11780887/aux_info/fld.gz",
                "quantification/salmon/SRX11780887/aux_info/meta_info.json",
                "quantification/salmon/SRX11780887/aux_info/observed_bias.gz",
                "quantification/salmon/SRX11780887/aux_info/observed_bias_3p.gz",
                "quantification/salmon/SRX11780887/cmd_info.json",
                "quantification/salmon/SRX11780887/libParams",
                "quantification/salmon/SRX11780887/libParams/flenDist.txt",
                "quantification/salmon/SRX11780887/logs",
                "quantification/salmon/SRX11780887/logs/salmon_quant.log",
                "quantification/salmon/SRX11780887/quant.genes.sf",
                "quantification/salmon/SRX11780887/quant.sf",
                "quantification/salmon/SRX11780888",
                "quantification/salmon/SRX11780888/aux_info",
                "quantification/salmon/SRX11780888/aux_info/ambig_info.tsv",
                "quantification/salmon/SRX11780888/aux_info/expected_bias.gz",
                "quantification/salmon/SRX11780888/aux_info/fld.gz",
                "quantification/salmon/SRX11780888/aux_info/meta_info.json",
                "quantification/salmon/SRX11780888/aux_info/observed_bias.gz",
                "quantification/salmon/SRX11780888/aux_info/observed_bias_3p.gz",
                "quantification/salmon/SRX11780888/cmd_info.json",
                "quantification/salmon/SRX11780888/libParams",
                "quantification/salmon/SRX11780888/libParams/flenDist.txt",
                "quantification/salmon/SRX11780888/logs",
                "quantification/salmon/SRX11780888/logs/salmon_quant.log",
                "quantification/salmon/SRX11780888/quant.genes.sf",
                "quantification/salmon/SRX11780888/quant.sf",
                "quantification/salmon/SRX11780889",
                "quantification/salmon/SRX11780889/aux_info",
                "quantification/salmon/SRX11780889/aux_info/ambig_info.tsv",
                "quantification/salmon/SRX11780889/aux_info/expected_bias.gz",
                "quantification/salmon/SRX11780889/aux_info/fld.gz",
                "quantification/salmon/SRX11780889/aux_info/meta_info.json",
                "quantification/salmon/SRX11780889/aux_info/observed_bias.gz",
                "quantification/salmon/SRX11780889/aux_info/observed_bias_3p.gz",
                "quantification/salmon/SRX11780889/cmd_info.json",
                "quantification/salmon/SRX11780889/libParams",
                "quantification/salmon/SRX11780889/libParams/flenDist.txt",
                "quantification/salmon/SRX11780889/logs",
                "quantification/salmon/SRX11780889/logs/salmon_quant.log",
                "quantification/salmon/SRX11780889/quant.genes.sf",
                "quantification/salmon/SRX11780889/quant.sf",
                "quantification/salmon/SRX11780890",
                "quantification/salmon/SRX11780890/aux_info",
                "quantification/salmon/SRX11780890/aux_info/ambig_info.tsv",
                "quantification/salmon/SRX11780890/aux_info/expected_bias.gz",
                "quantification/salmon/SRX11780890/aux_info/fld.gz",
                "quantification/salmon/SRX11780890/aux_info/meta_info.json",
                "quantification/salmon/SRX11780890/aux_info/observed_bias.gz",
                "quantification/salmon/SRX11780890/aux_info/observed_bias_3p.gz",
                "quantification/salmon/SRX11780890/cmd_info.json",
                "quantification/salmon/SRX11780890/libParams",
                "quantification/salmon/SRX11780890/libParams/flenDist.txt",
                "quantification/salmon/SRX11780890/logs",
                "quantification/salmon/SRX11780890/logs/salmon_quant.log",
                "quantification/salmon/SRX11780890/quant.genes.sf",
                "quantification/salmon/SRX11780890/quant.sf",
                "quantification/salmon/salmon.merged.gene.R_sessionInfo.log",
                "quantification/salmon/salmon.merged.gene.SummarizedExperiment.rds",
                "quantification/salmon/salmon.merged.gene.length_scaled.R_sessionInfo.log",
                "quantification/salmon/salmon.merged.gene.length_scaled.SummarizedExperiment.rds",
                "quantification/salmon/salmon.merged.gene.scaled.R_sessionInfo.log",
                "quantification/salmon/salmon.merged.gene.scaled.SummarizedExperiment.rds",
                "quantification/salmon/salmon.merged.gene_counts.tsv",
                "quantification/salmon/salmon.merged.gene_counts_length_scaled.tsv",
                "quantification/salmon/salmon.merged.gene_counts_scaled.tsv",
                "quantification/salmon/salmon.merged.gene_lengths.tsv",
                "quantification/salmon/salmon.merged.gene_tpm.tsv",
                "quantification/salmon/salmon.merged.transcript.R_sessionInfo.log",
                "quantification/salmon/salmon.merged.transcript.SummarizedExperiment.rds",
                "quantification/salmon/salmon.merged.transcript_counts.tsv",
                "quantification/salmon/salmon.merged.transcript_lengths.tsv",
                "quantification/salmon/salmon.merged.transcript_tpm.tsv",
                "quantification/tx2gene.tsv",
                "riboseq_qc",
                "riboseq_qc/ribotish",
                "riboseq_qc/ribotish/SRX11780885.para.py",
                "riboseq_qc/ribotish/SRX11780885_qual.pdf",
                "riboseq_qc/ribotish/SRX11780885_qual.txt",
                "riboseq_qc/ribotish/SRX11780886.para.py",
                "riboseq_qc/ribotish/SRX11780886_qual.pdf",
                "riboseq_qc/ribotish/SRX11780886_qual.txt",
                "riboseq_qc/ribotish/SRX11780887.para.py",
                "riboseq_qc/ribotish/SRX11780887_qual.pdf",
                "riboseq_qc/ribotish/SRX11780887_qual.txt",
                "riboseq_qc/ribotish/SRX11780888.para.py",
                "riboseq_qc/ribotish/SRX11780888_qual.pdf",
                "riboseq_qc/ribotish/SRX11780888_qual.txt",
                "riboseq_qc/ribotish/SRX11780889.para.py",
                "riboseq_qc/ribotish/SRX11780889_qual.pdf",
                "riboseq_qc/ribotish/SRX11780889_qual.txt",
                "riboseq_qc/ribotish/SRX11780890.para.py",
                "riboseq_qc/ribotish/SRX11780890_qual.pdf",
                "riboseq_qc/ribotish/SRX11780890_qual.txt"
            ],
            [
                "SRX11780879.SJ.out.tab:md5,f7b42533363b5f503703f41b7c2b5b1a",
                "SRX11780880.SJ.out.tab:md5,7ca98bef5072057105a91365ec36b651",
                "SRX11780881.SJ.out.tab:md5,c37b2c42eddcdf88ba1bc5dd6cd885b1",
                "SRX11780882.SJ.out.tab:md5,9519eb9c3a7cb9541a21dd74ef4ecee8",
                "SRX11780883.SJ.out.tab:md5,b737dde9db4b87fc5ddb246d9448fba5",
                "SRX11780884.SJ.out.tab:md5,02b0a2c04c1ca6bc87d43c209a29b1d1",
                "SRX11780885.SJ.out.tab:md5,d82f2a7b61f316daa135b9579ed5940a",
                "SRX11780886.SJ.out.tab:md5,ab84e0e7962f29dfd83e3fc0f2483950",
                "SRX11780887.SJ.out.tab:md5,23c2574fd7f296fc76ace3eea3a64f3c",
                "SRX11780888.SJ.out.tab:md5,c2760a67f8088eefaad8a02563042c93",
                "SRX11780889.SJ.out.tab:md5,03dad0ce6ec47122c178ece8e8d20d5b",
                "SRX11780890.SJ.out.tab:md5,ea0f27eb1a8e4e8985cbe3e419492640",
                "SRX11780879.genome.sorted.bam.flagstat:md5,17e18fad4a1e9c0872b6826aac55f374",
                "SRX11780879.genome.sorted.bam.idxstats:md5,17dae926857b30d8e517ba969843e7a4",
                "SRX11780879.transcriptome.sorted.bam.flagstat:md5,b6fb3e899f20cdec32e302d203377fd9",
                "SRX11780879.transcriptome.sorted.bam.idxstats:md5,e9c8234922b1065f3cb2c1c7b133e097",
                "SRX11780880.genome.sorted.bam.flagstat:md5,d045070499d793ad72403067483e3643",
                "SRX11780880.genome.sorted.bam.idxstats:md5,842c0b716004ff3cd54d4e616a684878",
                "SRX11780880.transcriptome.sorted.bam.flagstat:md5,41d4850769d686daf1170a09311ba6e0",
                "SRX11780880.transcriptome.sorted.bam.idxstats:md5,0b6084f229b4792ccf5b755242f0999c",
                "SRX11780881.genome.sorted.bam.flagstat:md5,5006539e4630539bbd7fc82cdb392d03",
                "SRX11780881.genome.sorted.bam.idxstats:md5,b0d861c9e14ca5c9f9ded18825f9eddc",
                "SRX11780881.transcriptome.sorted.bam.flagstat:md5,38010021e28ce0beb874738dd97fee84",
                "SRX11780881.transcriptome.sorted.bam.idxstats:md5,45e64f2f98bd03ab2005121b8b16bab1",
                "SRX11780882.genome.sorted.bam.flagstat:md5,5585b9426e90d9d15d87e381c4942683",
                "SRX11780882.genome.sorted.bam.idxstats:md5,746e08d697ad33d6dfd4c9faf156a500",
                "SRX11780882.transcriptome.sorted.bam.flagstat:md5,5591841733d83f48a5e69d2888857d6b",
                "SRX11780882.transcriptome.sorted.bam.idxstats:md5,093a0b345ed7a3a2d6d4e7615ddd7924",
                "SRX11780883.genome.sorted.bam.flagstat:md5,634a8c7c6d64e608ffdbed97f7a28412",
                "SRX11780883.genome.sorted.bam.idxstats:md5,868365840c9cbcbac02550069f610c1e",
                "SRX11780883.transcriptome.sorted.bam.flagstat:md5,66db4104b5784e17945f0f8be00e4db8",
                "SRX11780883.transcriptome.sorted.bam.idxstats:md5,3785caabb0ef28849167a1378a0290a6",
                "SRX11780884.genome.sorted.bam.flagstat:md5,e0a47f3ccf41739cbc7bab537b4d07cd",
                "SRX11780884.genome.sorted.bam.idxstats:md5,a5cd2e5036158a3dcf5dfef60cad2b88",
                "SRX11780884.transcriptome.sorted.bam.flagstat:md5,6e43c31421f32b0c1c459cab700ab053",
                "SRX11780884.transcriptome.sorted.bam.idxstats:md5,6070e91fff7d1689e4b684e45a103a86",
                "SRX11780885.genome.sorted.bam.flagstat:md5,3a4bfe834531cf2bf8a31452ebb3dc83",
                "SRX11780885.genome.sorted.bam.idxstats:md5,7efc96210462bd41f76341fefaa7962c",
                "SRX11780885.transcriptome.sorted.bam.flagstat:md5,de2ec33b6ad245a00a660b09895b4d4f",
                "SRX11780885.transcriptome.sorted.bam.idxstats:md5,6a3a349c1109e1bcc743a4aed10b3d1d",
                "SRX11780886.genome.sorted.bam.flagstat:md5,dd8b5627a356ea26495016ab1fc6c657",
                "SRX11780886.genome.sorted.bam.idxstats:md5,7a7104c244c365aa19a56663a696c08b",
                "SRX11780886.transcriptome.sorted.bam.flagstat:md5,0be74cf9f6bed2280552dcbfa655f9b2",
                "SRX11780886.transcriptome.sorted.bam.idxstats:md5,5c027090613fb4c5eb6587cf05a4134c",
                "SRX11780887.genome.sorted.bam.flagstat:md5,06b02635a55a892f12281e200fefc956",
                "SRX11780887.genome.sorted.bam.idxstats:md5,3c91f0401dcafb370f1eb8370d5a3bf0",
                "SRX11780887.transcriptome.sorted.bam.flagstat:md5,f8081db1e2ce4a93f3f1949312788a1c",
                "SRX11780887.transcriptome.sorted.bam.idxstats:md5,3d420c9fd82f7b4e062cf7aab05964cf",
                "SRX11780888.genome.sorted.bam.flagstat:md5,b78ede2ac5fcd1e81cf23b29e8fb7b86",
                "SRX11780888.genome.sorted.bam.idxstats:md5,2b9c81c50b6ead20298fa10047b06fd7",
                "SRX11780888.transcriptome.sorted.bam.flagstat:md5,88c094e72412521871bc2da24227f109",
                "SRX11780888.transcriptome.sorted.bam.idxstats:md5,68477ac3d0ea74744af3dcf9caa9dd6a",
                "SRX11780889.genome.sorted.bam.flagstat:md5,072c8625dbe1148e6d5a67312e0a452a",
                "SRX11780889.genome.sorted.bam.idxstats:md5,4ac03aa77b1ed491263e752983145192",
                "SRX11780889.transcriptome.sorted.bam.flagstat:md5,56f79b3bfe40bdf8cc95be6d5891d482",
                "SRX11780889.transcriptome.sorted.bam.idxstats:md5,aef7f6238e6b2158da4a22741dba50eb",
                "SRX11780890.genome.sorted.bam.flagstat:md5,23bf016733b6965c1869a6d869ba1dce",
                "SRX11780890.genome.sorted.bam.idxstats:md5,ddf523e4a8f0c5bd1a34f8f689cd4ae6",
                "SRX11780890.transcriptome.sorted.bam.flagstat:md5,a1ea1f12badc1db07cecb4633c6229e0",
                "SRX11780890.transcriptome.sorted.bam.idxstats:md5,2153eb76d34dfd9b2be396c919081871",
                "multiqc_report.html:md5,b5a2c6625a7fc16f6ea006a5497838f7",
                "cutadapt_filtered_reads_plot.txt:md5,ff95c965185e62ff5914a5c60e7a268f",
                "cutadapt_trimmed_sequences_plot_3_Counts.txt:md5,f6562c53d24918a66ec0cd9f0ad7d888",
                "cutadapt_trimmed_sequences_plot_3_Obs_Exp.txt:md5,3e265b5b24a59945709abe4e3ef9ee32",
                "fastqc-1-status-check-heatmap.txt:md5,a0e26481ceebf69ed7540a8e103526aa",
                "fastqc-1_overrepresented_sequences_plot.txt:md5,955f7e738937929fc26aba2de54ca404",
                "fastqc-1_per_base_n_content_plot.txt:md5,fa8a68d48b6776dc76645fa412d06490",
                "fastqc-1_per_base_sequence_quality_plot.txt:md5,f98b44d67d52434ea97e243cefe3e080",
                "fastqc-1_per_sequence_gc_content_plot_Counts.txt:md5,9a973946f1692516940ab3f5efea44ce",
                "fastqc-1_per_sequence_gc_content_plot_Percentages.txt:md5,3b4c25caf665d95a61ae8dd5e9bae84a",
                "fastqc-1_per_sequence_quality_scores_plot.txt:md5,c5366f0520a574d6749ef03e9e748aa2",
                "fastqc-1_sequence_counts_plot.txt:md5,07490905b4b62f87d92c26f792eef7a0",
                "fastqc-1_sequence_duplication_levels_plot.txt:md5,8f7b7d1921ed8b6302196876dd36a3f5",
                "fastqc-1_top_overrepresented_sequences_table.txt:md5,2f61b473d4be96d45cfed359be6499fe",
                "fastqc-status-check-heatmap.txt:md5,a0e26481ceebf69ed7540a8e103526aa",
                "fastqc_overrepresented_sequences_plot.txt:md5,ba7c244b0a7cd7f591b8493f2927ea7d",
                "fastqc_per_base_n_content_plot.txt:md5,ec70b184c102884d089ebcca0cac7216",
                "fastqc_per_base_sequence_quality_plot.txt:md5,c8af81414843457b45cd1dfe83c49433",
                "fastqc_per_sequence_gc_content_plot_Counts.txt:md5,47955155853de1e04ca812820b8fee8c",
                "fastqc_per_sequence_gc_content_plot_Percentages.txt:md5,0e78eba9f1b8f63f5388c7078c41b302",
                "fastqc_per_sequence_quality_scores_plot.txt:md5,609c48f48499de206085509d4dd29b8a",
                "fastqc_sequence_counts_plot.txt:md5,cbb44b6eb726b00e041237476214b275",
                "fastqc_sequence_duplication_levels_plot.txt:md5,77d6e3d36b8c93f25e2d4cdbadd018d3",
                "fastqc_sequence_length_distribution_plot.txt:md5,d3f33f3eda7927b061fc3cdec99e8f4e",
                "multiqc_citations.txt:md5,551bfb86fb65a85827dc3dc29cf206ad",
                "multiqc_cutadapt.txt:md5,1e5c7c036072cb30c2d5c3bbc23c9b84",
                "multiqc_fastqc.txt:md5,435f987c78b50ab1dfe18640246f580b",
                "multiqc_fastqc_1.txt:md5,d88727c2d988eea97597298e5f1f3b0e",
                "multiqc_samtools_flagstat.txt:md5,fd26cb94e7751f59c0c714841bd2d8b6",
                "multiqc_samtools_idxstats.txt:md5,085fb3ec4e001e5e32ae742e1fb5d9cb",
                "multiqc_samtools_stats.txt:md5,6b3d5f209848d0e58181700f2bc5ce0f",
                "multiqc_sortmerna.txt:md5,044f4c600b458e6f310426b903e5f48d",
                "multiqc_star.txt:md5,665b81c29c21c74560ab4b0e8dc816f2",
                "samtools-flagstat-dp_Percentage_of_total.txt:md5,ec1917c50adba2f220a48fd4364111bd",
                "samtools-flagstat-dp_Read_counts.txt:md5,ad605536d503612369f9419eb72e0d5a",
                "samtools-idxstats-mapped-reads-plot_Normalised_Counts.txt:md5,e190f1c225e3e68f6f6bc4fd8c4a32ea",
                "samtools-idxstats-mapped-reads-plot_Observed_over_Expected_Counts.txt:md5,e190f1c225e3e68f6f6bc4fd8c4a32ea",
                "samtools-idxstats-mapped-reads-plot_Raw_Counts.txt:md5,a693d066ba10e570e4bc60ddaae444e9",
                "samtools-stats-dp.txt:md5,07f24f1e84075b45b0e599ee2e9b1120",
                "samtools_alignment_plot.txt:md5,bcc2cbd61e38ff041b79755528bd4a58",
                "sortmerna-detailed-plot.txt:md5,d0cc4193a236b22a937bec41d5877aed",
                "star_alignment_plot.txt:md5,ad0d78b7e1ddfd3d34b9e1b091a2551e",
                "star_summary_table.txt:md5,4b70223f5fdc8d38d0b0d67f5a080b1c",
                "SRX11780885_all.txt:md5,3fa23521053d110288ad69453c49920f",
                "SRX11780885_pred.txt:md5,9931923309fc2c518f374225fd287448",
                "SRX11780885_transprofile.py:md5,a5056727040a5fa0342be231fea287f9",
                "SRX11780886_all.txt:md5,7be8efe7dd8f12edec40fd8ca69f77c4",
                "SRX11780886_pred.txt:md5,a74ec6f7603afcb94692416d9ab5f399",
                "SRX11780886_transprofile.py:md5,f9b3ac82b91565d08e58353eb159d8c5",
                "SRX11780887_all.txt:md5,b06c6ab1c41373c0b8a000893a51eb20",
                "SRX11780887_pred.txt:md5,86813277afcdbde15e8f8fb9a07a535f",
                "SRX11780887_transprofile.py:md5,ce46b13d566e11c72cfb44a430274fe4",
                "SRX11780888_all.txt:md5,74588938b1dd11d04002de5dd7f3daee",
                "SRX11780888_pred.txt:md5,74588938b1dd11d04002de5dd7f3daee",
                "SRX11780888_transprofile.py:md5,551d2a8f759a7939aea18a49011dad81",
                "SRX11780889_all.txt:md5,c5fb17e22ab4499d6c9dc365479a2ec8",
                "SRX11780889_pred.txt:md5,c5fb17e22ab4499d6c9dc365479a2ec8",
                "SRX11780889_transprofile.py:md5,910f67917c44f28dd64cf32d28a14e89",
                "SRX11780890_all.txt:md5,0501a247b91bb842affb856da4092c47",
                "SRX11780890_pred.txt:md5,0501a247b91bb842affb856da4092c47",
                "SRX11780890_transprofile.py:md5,7fbb49477efdbfdaff1cbd98f8442fa1",
                "allsamples_all.txt:md5,fcdb19d5389596185db2ebce2663cd94",
                "allsamples_pred.txt:md5,fcdb19d5389596185db2ebce2663cd94",
                "allsamples_transprofile.py:md5,10add18b7c9d626042b8980ee896adb9",
                "ambig_info.tsv:md5,605f5f89d1316fdb7e1f54972e3af174",
                "expected_bias.gz:md5,3407f87245d0003e0ffbfdf6d8c04f20",
                "fld.gz:md5,4d40b58f2abf8d79dec640bbf6bedacc",
                "meta_info.json:md5,75d7048761161a3362aed0395f33dcff",
                "observed_bias.gz:md5,92bcd0592d22a6a58d0360fc76103e56",
                "observed_bias_3p.gz:md5,92bcd0592d22a6a58d0360fc76103e56",
                "cmd_info.json:md5,a0924a4f2cd94cd8999231f959690977",
                "flenDist.txt:md5,56c90a7d4f0ef0c787fd8ae13605adf2",
                "salmon_quant.log:md5,5344f9a006ef7c780c459c6073d73fad",
                "quant.genes.sf:md5,3e9fecf75a98911200b8a42dc6e54202",
                "quant.sf:md5,470fea74cc18621acac6d18c91d6af59",
                "ambig_info.tsv:md5,73feda5493e8b02abe61dd76407506a7",
                "expected_bias.gz:md5,3407f87245d0003e0ffbfdf6d8c04f20",
                "fld.gz:md5,752e469f1bdf95615fc21e360c3ead93",
                "meta_info.json:md5,f6a6fc01360bbcf31ccc8de315b36713",
                "observed_bias.gz:md5,92bcd0592d22a6a58d0360fc76103e56",
                "observed_bias_3p.gz:md5,92bcd0592d22a6a58d0360fc76103e56",
                "cmd_info.json:md5,90adfcd0465fdeadc2117d89abf7cf48",
                "flenDist.txt:md5,b7197dcf6826dc7503cbca2fa644e7ed",
                "salmon_quant.log:md5,fd6e03e4de7bce3c5bf285d937de4eaf",
                "quant.genes.sf:md5,4452bfbc05ad18f6b71634d0822ad38e",
                "quant.sf:md5,0e7a50cc54d25a47de10d34ca35429b5",
                "ambig_info.tsv:md5,4e837060bf76d91d2bc772f6e1fc7abe",
                "expected_bias.gz:md5,3407f87245d0003e0ffbfdf6d8c04f20",
                "fld.gz:md5,3e93bc81c2e9471308ef5c80f8dd83f1",
                "meta_info.json:md5,24907cd8479151ab015f8c8d93a86843",
                "observed_bias.gz:md5,92bcd0592d22a6a58d0360fc76103e56",
                "observed_bias_3p.gz:md5,92bcd0592d22a6a58d0360fc76103e56",
                "cmd_info.json:md5,371216e33299c3019dfb4200c15824dd",
                "flenDist.txt:md5,11d2896bcdc1d236b18e17028a9917d0",
                "salmon_quant.log:md5,9780b3cba6666cd3fcd2ae4f92fc9da5",
                "quant.genes.sf:md5,7030376a4480475b0ca1c986da3bee5f",
                "quant.sf:md5,db2a0aec9edd060a8726b275730c30f2",
                "ambig_info.tsv:md5,c6cbbf104a87d496ac6bcacc9b3ddc25",
                "expected_bias.gz:md5,3407f87245d0003e0ffbfdf6d8c04f20",
                "fld.gz:md5,9af2a350c98c24447fa25e22550c84f2",
                "meta_info.json:md5,0989a03b80f273ff43531ffc5d9f0e86",
                "observed_bias.gz:md5,92bcd0592d22a6a58d0360fc76103e56",
                "observed_bias_3p.gz:md5,92bcd0592d22a6a58d0360fc76103e56",
                "cmd_info.json:md5,7c118fee7ba119cb42423a127a52f24e",
                "flenDist.txt:md5,d07bebe2be93e0f26af5e0bd9d23baee",
                "salmon_quant.log:md5,a3e26b8d2d2fa2b424ee59b8677fe24d",
                "quant.genes.sf:md5,6dd014339d43f324856b84e4ffda1e37",
                "quant.sf:md5,e6ce1d0fd06abc13752fc079b8c6d370",
                "ambig_info.tsv:md5,e17cceaf8a7c8a816a906c8801e720d3",
                "expected_bias.gz:md5,3407f87245d0003e0ffbfdf6d8c04f20",
                "fld.gz:md5,1a185f3cdde11b516206d65ad8ab11cf",
                "meta_info.json:md5,ff7772c622f6ce3377fe69839bd81a8a",
                "observed_bias.gz:md5,92bcd0592d22a6a58d0360fc76103e56",
                "observed_bias_3p.gz:md5,92bcd0592d22a6a58d0360fc76103e56",
                "cmd_info.json:md5,58c47156bdd2a18260bf315d1df0ae09",
                "flenDist.txt:md5,95787f4a748e7751bc1f697901a05e6e",
                "salmon_quant.log:md5,51eb26229d8dbd27ebfc065840c07318",
                "quant.genes.sf:md5,ff8d840850da1a3cf1a71975313debc1",
                "quant.sf:md5,c94e7bdd2d60de821ba45718252338c5",
                "ambig_info.tsv:md5,7cee3d1bf2e4f500cd84b245948279a1",
                "expected_bias.gz:md5,3407f87245d0003e0ffbfdf6d8c04f20",
                "fld.gz:md5,7ae3a82f87bfd3ffe947e496828a30b9",
                "meta_info.json:md5,c8a8bc9c4966c82ab8926ddb8a13ee07",
                "observed_bias.gz:md5,92bcd0592d22a6a58d0360fc76103e56",
                "observed_bias_3p.gz:md5,92bcd0592d22a6a58d0360fc76103e56",
                "cmd_info.json:md5,6c2c859c38b8427f4d980feb02085863",
                "flenDist.txt:md5,a874105f82d547d70e106b1504e35fa3",
                "salmon_quant.log:md5,44499a548fc43c659f6b70eba7ee169e",
                "quant.genes.sf:md5,7922e22e2c4a953b6f0cfc9399dd6e1b",
                "quant.sf:md5,61041703d49bfdaa6405da8b6ffced4a",
                "ambig_info.tsv:md5,d47283b54f608bdd7ae9cc118db23ed3",
                "expected_bias.gz:md5,3407f87245d0003e0ffbfdf6d8c04f20",
                "fld.gz:md5,0dbf5684fe6ef4471c8924d8aa989304",
                "meta_info.json:md5,b01391610472b5aaeec8b5ed36182737",
                "observed_bias.gz:md5,92bcd0592d22a6a58d0360fc76103e56",
                "observed_bias_3p.gz:md5,92bcd0592d22a6a58d0360fc76103e56",
                "cmd_info.json:md5,228f0304b0916f2be42a47ca38f891b5",
                "flenDist.txt:md5,2de170bdc9f6fd237d286429b292bb28",
                "salmon_quant.log:md5,d2f48a76e3c43e127be13d965bb4dc58",
                "quant.genes.sf:md5,bc9de866fa8539ba972cdc7970d81c27",
                "quant.sf:md5,cc19729a44c4cffcabc6c9cbc8a98283",
                "ambig_info.tsv:md5,8f9df0181d459bb1b795142f4ad77263",
                "expected_bias.gz:md5,3407f87245d0003e0ffbfdf6d8c04f20",
                "fld.gz:md5,34b7746accf6f73e459961424825490c",
                "meta_info.json:md5,60b53ea480f84daf944d10a9f0d7aa89",
                "observed_bias.gz:md5,92bcd0592d22a6a58d0360fc76103e56",
                "observed_bias_3p.gz:md5,92bcd0592d22a6a58d0360fc76103e56",
                "cmd_info.json:md5,ebe4a0d51879655f9c9360e0cababbdc",
                "flenDist.txt:md5,2de170bdc9f6fd237d286429b292bb28",
                "salmon_quant.log:md5,7bf72f9ae1d9be95e4daab6b3efa1c20",
                "quant.genes.sf:md5,099c1b365cf25cc32e5317b5cb66699b",
                "quant.sf:md5,a45418655ecf73f610683ae56bfe887e",
                "ambig_info.tsv:md5,3a52d284228d5d5ddf17c115bb6b565d",
                "expected_bias.gz:md5,3407f87245d0003e0ffbfdf6d8c04f20",
                "fld.gz:md5,b0e3cc2f374226f956c0aa181b5393b0",
                "meta_info.json:md5,06a49cd6b842b6e0ea71d16b17c9c77b",
                "observed_bias.gz:md5,92bcd0592d22a6a58d0360fc76103e56",
                "observed_bias_3p.gz:md5,92bcd0592d22a6a58d0360fc76103e56",
                "cmd_info.json:md5,2a62f1621763bf45ab2e7e2a89425fb5",
                "flenDist.txt:md5,2de170bdc9f6fd237d286429b292bb28",
                "salmon_quant.log:md5,ff06338ca38c4e8cca50c0db038e4258",
                "quant.genes.sf:md5,e091b63756f53ba97918060a21d5920d",
                "quant.sf:md5,4e5bcaeb7b7e77a1555ea5c0ff06223f",
                "ambig_info.tsv:md5,0ff01962cc798b971d5dc9366c6a7aee",
                "expected_bias.gz:md5,3407f87245d0003e0ffbfdf6d8c04f20",
                "fld.gz:md5,48f95d9c9bd2f4cfe3ece60606aee141",
                "meta_info.json:md5,af9ed6f539859c74d72b4378b1bc087f",
                "observed_bias.gz:md5,92bcd0592d22a6a58d0360fc76103e56",
                "observed_bias_3p.gz:md5,92bcd0592d22a6a58d0360fc76103e56",
                "cmd_info.json:md5,da2a2a60f010389e7ee498d159a69c2f",
                "flenDist.txt:md5,2de170bdc9f6fd237d286429b292bb28",
                "salmon_quant.log:md5,016f5b59bea87a5e18ef2486c8ef9693",
                "quant.genes.sf:md5,3e1a6748890dd63f6abcca02557c3c77",
                "quant.sf:md5,ae761ce1f323fdeb3452a9d394252aa5",
                "ambig_info.tsv:md5,87f15c389b3ceef78c36ae628556e081",
                "expected_bias.gz:md5,3407f87245d0003e0ffbfdf6d8c04f20",
                "fld.gz:md5,345a52d54d3a4ef29f855ad291912825",
                "meta_info.json:md5,9d0af2763cb1866bd2d389adea1513a6",
                "observed_bias.gz:md5,92bcd0592d22a6a58d0360fc76103e56",
                "observed_bias_3p.gz:md5,92bcd0592d22a6a58d0360fc76103e56",
                "cmd_info.json:md5,dcb18a7cb32f380eb5bc127f311ddfec",
                "flenDist.txt:md5,2de170bdc9f6fd237d286429b292bb28",
                "salmon_quant.log:md5,e3d36a9d39ee0d238368c6da1a0c4035",
                "quant.genes.sf:md5,f68ba768986b92d30fec5298302be259",
                "quant.sf:md5,199c87f067929884b9ec5c3ba90ec5c6",
                "ambig_info.tsv:md5,fca91231948f5d36d9c25b9da1fafa2c",
                "expected_bias.gz:md5,3407f87245d0003e0ffbfdf6d8c04f20",
                "fld.gz:md5,2529e1696a74220a247d15b0a51321d7",
                "meta_info.json:md5,972957e579523a7df8cf17c90baca65b",
                "observed_bias.gz:md5,92bcd0592d22a6a58d0360fc76103e56",
                "observed_bias_3p.gz:md5,92bcd0592d22a6a58d0360fc76103e56",
                "cmd_info.json:md5,15c7b58379f15c86278a829b776e6b0e",
                "flenDist.txt:md5,2de170bdc9f6fd237d286429b292bb28",
                "salmon_quant.log:md5,79c484f9c09497fd8fee94bf02fab6ad",
                "quant.genes.sf:md5,28c1aa2cbbbd0c050e2088d775eb9fbb",
                "quant.sf:md5,d95ba2a51f92715a91ed9750a3de8b19",
                "salmon.merged.gene.R_sessionInfo.log:md5,f477425bc8f6d07a9b47d4aaf953f3ce",
                "salmon.merged.gene.SummarizedExperiment.rds:md5,122cfbbeccbf6632416738e003c3bf46",
                "salmon.merged.gene.length_scaled.R_sessionInfo.log:md5,f477425bc8f6d07a9b47d4aaf953f3ce",
                "salmon.merged.gene.length_scaled.SummarizedExperiment.rds:md5,387d233f03e930f0e423c49948f3fb08",
                "salmon.merged.gene.scaled.R_sessionInfo.log:md5,f477425bc8f6d07a9b47d4aaf953f3ce",
                "salmon.merged.gene.scaled.SummarizedExperiment.rds:md5,b2a8c6131450b7ee7a609c880a3cc562",
                "salmon.merged.gene_counts.tsv:md5,5e4283d8921e9f309ff6ae0af831e282",
                "salmon.merged.gene_counts_length_scaled.tsv:md5,d903be05e187a1593f6b70077e2045e3",
                "salmon.merged.gene_counts_scaled.tsv:md5,02fa24e2d7c839c7eceb237db8d80fec",
                "salmon.merged.gene_lengths.tsv:md5,e4d1a577475c37c4e732c36fda2afd6d",
                "salmon.merged.gene_tpm.tsv:md5,e16481460ad4d28fff195014b1ffad5b",
                "salmon.merged.transcript.R_sessionInfo.log:md5,f477425bc8f6d07a9b47d4aaf953f3ce",
                "salmon.merged.transcript.SummarizedExperiment.rds:md5,1d64201dd30ba07d890155b0e8f30142",
                "salmon.merged.transcript_counts.tsv:md5,e090b9b3bbbdd187cb2f06649461a225",
                "salmon.merged.transcript_lengths.tsv:md5,508a58078eab4cac907e193cc00ff6e9",
                "salmon.merged.transcript_tpm.tsv:md5,23b0a8dc8bf951e4151c23f10695e5b0",
                "tx2gene.tsv:md5,ca8bc3fbff91c83c6545743011e589d7",
                "SRX11780885.para.py:md5,eafd8adc28a00e3a1cd5d42e3b648cac",
                "SRX11780885_qual.pdf:md5,e311fe2d6a71481beccc7f4c1a0729d6",
                "SRX11780885_qual.txt:md5,9aa8806905671583715f423bff141cbd",
                "SRX11780886.para.py:md5,14b1693f16209134253436e2346201fe",
                "SRX11780886_qual.pdf:md5,74a84c2684d93b8649d61b9cb4596029",
                "SRX11780886_qual.txt:md5,531ef97df7bc9932d86e04caa71649bc",
                "SRX11780887.para.py:md5,eafd8adc28a00e3a1cd5d42e3b648cac",
                "SRX11780887_qual.pdf:md5,2a32cca266affeca4e14bea1879b836c",
                "SRX11780887_qual.txt:md5,0ec2b657898486a56c10cd6568977708",
                "SRX11780888.para.py:md5,98e9611ca1a2a3f7b360589d01a577d3",
                "SRX11780888_qual.pdf:md5,2ba410f47ef7ec9479b3dae70b0e51ab",
                "SRX11780888_qual.txt:md5,0a964e16bda3da3c89730fa64d7f4b79",
                "SRX11780889.para.py:md5,61738f3e93a6fc2e6f7b6d201f6a59ba",
                "SRX11780889_qual.pdf:md5,91ef0b64fc089475091a202323469620",
                "SRX11780889_qual.txt:md5,4c567c2c47eb52bf81e514a39eb5a695",
                "SRX11780890.para.py:md5,5f1696c5bf20116fa63363917e131284",
                "SRX11780890_qual.pdf:md5,726bc419effe186db755a5a2fe0dc0b2",
                "SRX11780890_qual.txt:md5,0f761538ecafb2718bd781c6e1fb7dc1"
            ]
        ],
        "meta": {
            "nf-test": "0.9.1",
            "nextflow": "24.10.0"
        },
        "timestamp": "2024-11-04T14:39:43.609299"
    }
}
